w25qxx.c:26:9:W25qxx_Spi	40	static
w25qxx.c:33:10:W25qxx_ReadID	24	static
w25qxx.c:49:6:W25qxx_ReadUniqID	24	static
w25qxx.c:60:6:W25qxx_WriteEnable	8	static
w25qxx.c:68:6:W25qxx_WriteDisable	8	static
w25qxx.c:76:9:W25qxx_ReadStatusRegister	32	static
w25qxx.c:102:6:W25qxx_WriteStatusRegister	16	static
w25qxx.c:124:6:W25qxx_WaitForWriteEnd	8	static
w25qxx.c:138:6:W25qxx_Init	8	static
w25qxx.c:260:6:W25qxx_EraseChip	16	static
w25qxx.c:289:6:W25qxx_EraseSector	24	static
w25qxx.c:329:6:W25qxx_EraseBlock	24	static
w25qxx.c:369:10:W25qxx_PageToSector	16	static
w25qxx.c:374:10:W25qxx_PageToBlock	16	static
w25qxx.c:379:10:W25qxx_SectorToBlock	16	static
w25qxx.c:384:10:W25qxx_SectorToPage	16	static
w25qxx.c:389:10:W25qxx_BlockToPage	16	static
w25qxx.c:394:7:W25qxx_IsEmptyPage	80	static
w25qxx.c:466:6:W25qxx_IsEmptySector	80	static
w25qxx.c:535:6:W25qxx_IsEmptyBlock	80	static
w25qxx.c:604:6:W25qxx_WriteByte	24	static
w25qxx.c:631:6:W25qxx_WritePage	32	static
w25qxx.c:680:6:W25qxx_WriteSector	48	static
w25qxx.c:719:6:W25qxx_WriteBlock	48	static
w25qxx.c:758:7:W25qxx_ReadByte	32	static
w25qxx.c:783:6:W25qxx_ReadBytes	32	static
w25qxx.c:821:6:W25qxx_ReadPage	32	static
w25qxx.c:870:7:W25qxx_ReadSector	48	static
w25qxx.c:909:7:W25qxx_ReadBlock	48	static
